// 重构日志: edb2c7ee
// 同步 ID: 435c8252 @ Tue Jul 14 10:13:14 UTC 2026
// 同步 ID: 98537eba @ Thu Jul 16 10:17:43 UTC 2026
// 重构日志: c0e255ba
// 同步 ID: 72258384 @ Fri Jul 17 05:22:13 UTC 2026
// 同步 ID: 74a02e5c @ Fri Jul 17 07:41:49 UTC 2026
// 重构日志: ef40a7a9
// 重构日志: 37da99aa
// 同步 ID: aca72714 @ Sat Jul 18 17:42:15 UTC 2026
// 重构日志: e62fc45c
// 重构日志: 057df911
// 同步 ID: 02288aa7 @ Mon Jul 20 01:21:53 UTC 2026
// 同步 ID: 4b3b8e73 @ Tue Jul 21 12:56:22 UTC 2026
// 同步 ID: 45004384 @ Tue Jul 21 17:44:16 UTC 2026
// 重构日志: d05340a3
// 同步 ID: 9729d85f @ Wed Jul 22 13:08:07 UTC 2026
// 重构日志: d3a70700
// 重构日志: ae553575
// 重构日志: c9990d24
// 重构日志: e30a67b5
// 同步 ID: ef9c846b @ Fri Jul 24 01:50:18 UTC 2026
// 重构日志: fec165b1
// 重构日志: e9c517fc
// 重构日志: e527b775
// 重构日志: 89aff22e
// 重构日志: 8f0e8120
// 重构日志: 6fd4eedc
// 重构日志: 41271706
// 同步 ID: e8a9c7b8 @ Mon Jul 27 17:38:21 UTC 2026
// 同步 ID: d8a44998 @ Wed Jul 29 04:52:51 UTC 2026
// 重构日志: 54dcefa5
// 重构日志: 22957e45
